Patch "Remove Zone Locks" Required
writenop 00160A10 2 ; Orbinaut
writenop 00112D11 2 ; LRZ1 Fireball
writenop 00173196 2 ; LRZ1 Rexon
writenop 00020574 2 ; OOZ Sol
writenop 000EECA1 2 ; GHZ Motobug
writenop 000EDBB0 2 ; GHZ Chopper
writenop 000E1136 2 ; LRZ1 Stalactite
writenop 00191910 2 ; MSZ SwingRope
writenop 000E9461 2 ; GHZ BuzzBomber
writenop 000EC410 2 ; MMZ Caterkiller
writenop 000D9780 2 ; GHZ Batbrain
writenop 000F2A40 2 ; SPZ1 CircleBumper
writenop 00088C50 2 ; FBZ HangPoint
writenop 001A58B0 2 ; SSZ1 SDashWheel
writenop 00128AD1 2 ; FBZ FlameSpring
writenop 0005EEB3 2 ; ?
writenop 00167EFB 2 ; ?
writenop 001604DD 2 ; CPZ OneWayDoor
writenop 00158CE0 2 ; HCZ MegaChopper
writenop 00075924 2 ; LRZ2 Flamethrower
writenop 0016AEB0 2 ; MMZ PohBee
writenop 0001FC82 2 ; TMZ GymBar
writenop 001A2E92 2 ; TMZ WallBumper
writenop 000DC1E0 2 ; MMZ Bomb


Patch "Enable Warning Screen"
write8 00152EDC 0x0

Patch "Force Disable Plus Logo" 
writenop 0010BA6A 3

Patch "Force Enable Plus Logo"
write32 0010BA6A 0x8990CA8B